0001   0000             ;;;;;;;;;;;;;;;;;;;;;;;;;;;;;;;;;;;;;;;;;;;;;;;;;;;;;;;;;;;;;;;
0002   0000             ; $Id: testz80.asm 1.4 1998/02/25 12:18:20 toma Exp $
0003   0000             ;;;;;;;;;;;;;;;;;;;;;;;;;;;;;;;;;;;;;;;;;;;;;;;;;;;;;;;;;;;;;;;
0004   0000             
0005   0000             ;;;;;;;;;;;;;;;;;;;;;;;;;;;;;;;;;;;;;;;
0006   0000             ; TASM  test file
0007   0000             ; Test all instructions and addressing modes.
0008   0000             ; Processor: Z80
0009   0000             ;
0010   0000             ; SEPT. 16,1987
0011   0000             ; CARL A. WALL
0012   0000             ;  VE3APY
0013   0000             ;
0014   0000             ;
0015   0000             
0016   0000             #define equ .equ
0017   0000             #define end .end
0018   0000             
0019   0000             n:          equ 20h
0020   0000             nn:         equ 0584h
0021   0000             dddd:       equ 07h
0022   0000             addr16:     equ $1234
0023   0000             port:       equ 3
0024   0000             imm8:       equ 56h    ;immediate data (8 bits)
0025   0000             offset:     equ 7
0026   0000             offset_neg: equ -7
0027   0000             
0028   0000             ;    try a few cases that have two expressions in the args and
0029   0000             ;    one is inside ().
0030   0000 DD 36 07 24      LD   (IX+offset),n+1+4+8-9
0031   0004 DD 36 0C 1F      LD   (IX+offset+5),n-1
0032   0008 DD 36 07 20      LD   (IX+dddd),n
0033   000C DD 36 07 20      LD   (IX+offset),n
0034   0010 DD 36 07 20      LD   (IX+offset),n
0035   0014             
0036   0014             ;    Try all possible instructions
0037   0014             
0038   0014 8E               ADC  A,(HL)
0039   0015 DD 8E 07         ADC  A,(IX+offset)
0040   0018 DD 8E F9         ADC  A,(IX+offset_neg)
0041   001B FD 8E 07         ADC  A,(IY+offset)
0042   001E FD 8E F9         ADC  A,(IY+offset_neg)
0043   0021 8F               ADC  A,A
0044   0022 88               ADC  A,B
0045   0023 89               ADC  A,C
0046   0024 8A               ADC  A,D
0047   0025 8B               ADC  A,E
0048   0026 8C               ADC  A,H
0049   0027 8D               ADC  A,L
0050   0028 CE 20            ADC  A,n
0051   002A ED 4A            ADC  HL,BC
0052   002C ED 5A            ADC  HL,DE
0053   002E ED 6A            ADC  HL,HL
0054   0030 ED 7A            ADC  HL,SP
0055   0032             
0056   0032 86               ADD  A,(HL)
0057   0033 DD 86 07         ADD  A,(IX+offset)
0058   0036 FD 86 07         ADD  A,(IY+offset)
0059   0039 87               ADD  A,A
0060   003A 80               ADD  A,B
0061   003B 81               ADD  A,C
0062   003C 82               ADD  A,D
0063   003D 83               ADD  A,E
0064   003E 84               ADD  A,H
0065   003F 85               ADD  A,L
0066   0040 C6 20            ADD  A,n
0067   0042 09               ADD  HL,BC
0068   0043 19               ADD  HL,DE
0069   0044 29               ADD  HL,HL
0070   0045 39               ADD  HL,SP
0071   0046 DD 09            ADD  IX,BC
0072   0048 DD 19            ADD  IX,DE
0073   004A DD 29            ADD  IX,IX
0074   004C DD 39            ADD  IX,SP
0075   004E FD 09            ADD  IY,BC
0076   0050 FD 19            ADD  IY,DE
0077   0052 FD 29            ADD  IY,IY
0078   0054 FD 39            ADD  IY,SP
0079   0056             
0080   0056 A6               AND  (HL)
0081   0057 DD A6 07         AND  (IX+offset)
0082   005A FD A6 07         AND  (IY+offset)
0083   005D A7               AND  A
0084   005E A0               AND  B
0085   005F A1               AND  C
0086   0060 A2               AND  D
0087   0061 A3               AND  E
0088   0062 A4               AND  H
0089   0063 A5               AND  L
0090   0064 E6 20            AND  n
0091   0066             
0092   0066 CB 46            BIT  0,(HL)
0093   0068 DD CB 07 46      BIT  0,(IX+offset)
0094   006C FD CB 07 46      BIT  0,(IY+offset)
0095   0070 CB 47            BIT  0,A
0096   0072 CB 40            BIT  0,B
0097   0074 CB 41            BIT  0,C
0098   0076 CB 42            BIT  0,D
0099   0078 CB 43            BIT  0,E
0100   007A CB 44            BIT  0,H
0101   007C CB 45            BIT  0,L
0102   007E             
0103   007E CB 4E            BIT  1,(HL)
0104   0080 DD CB 07 4E      BIT  1,(IX+offset)
0105   0084 FD CB 07 4E      BIT  1,(IY+offset)
0106   0088 CB 4F            BIT  1,A
0107   008A CB 48            BIT  1,B
0108   008C CB 49            BIT  1,C
0109   008E CB 4A            BIT  1,D
0110   0090 CB 4B            BIT  1,E
0111   0092 CB 4C            BIT  1,H
0112   0094 CB 4D            BIT  1,L
0113   0096             
0114   0096 CB 56            BIT  2,(HL)
0115   0098 DD CB 07 56      BIT  2,(IX+offset)
0116   009C FD CB 07 56      BIT  2,(IY+offset)
0117   00A0 CB 57            BIT  2,A
0118   00A2 CB 50            BIT  2,B
0119   00A4 CB 51            BIT  2,C
0120   00A6 CB 52            BIT  2,D
0121   00A8 CB 53            BIT  2,E
0122   00AA CB 54            BIT  2,H
0123   00AC CB 55            BIT  2,L
0124   00AE             
0125   00AE CB 5E            BIT  3,(HL)
0126   00B0 DD CB 07 5E      BIT  3,(IX+offset)
0127   00B4 FD CB 07 5E      BIT  3,(IY+offset)
0128   00B8 CB 5F            BIT  3,A
0129   00BA CB 58            BIT  3,B
0130   00BC CB 59            BIT  3,C
0131   00BE CB 5A            BIT  3,D
0132   00C0 CB 5B            BIT  3,E
0133   00C2 CB 5C            BIT  3,H
0134   00C4 CB 5D            BIT  3,L
0135   00C6             
0136   00C6 CB 66            BIT  4,(HL)
0137   00C8 DD CB 07 66      BIT  4,(IX+offset)
0138   00CC FD CB 07 66      BIT  4,(IY+offset)
0139   00D0 CB 67            BIT  4,A
0140   00D2 CB 60            BIT  4,B
0141   00D4 CB 61            BIT  4,C
0142   00D6 CB 62            BIT  4,D
0143   00D8 CB 63            BIT  4,E
0144   00DA CB 64            BIT  4,H
0145   00DC CB 65            BIT  4,L
0146   00DE             
0147   00DE CB 6E            BIT  5,(HL)
0148   00E0 DD CB 07 6E      BIT  5,(IX+offset)
0149   00E4 FD CB 07 6E      BIT  5,(IY+offset)
0150   00E8 CB 6F            BIT  5,A
0151   00EA CB 68            BIT  5,B
0152   00EC CB 69            BIT  5,C
0153   00EE CB 6A            BIT  5,D
0154   00F0 CB 6B            BIT  5,E
0155   00F2 CB 6C            BIT  5,H
0156   00F4 CB 6D            BIT  5,L
0157   00F6             
0158   00F6 CB 76            BIT  6,(HL)
0159   00F8 DD CB 07 76      BIT  6,(IX+offset)
0160   00FC FD CB 07 76      BIT  6,(IY+offset)
0161   0100 CB 77            BIT  6,A
0162   0102 CB 70            BIT  6,B
0163   0104 CB 71            BIT  6,C
0164   0106 CB 72            BIT  6,D
0165   0108 CB 73            BIT  6,E
0166   010A CB 74            BIT  6,H
0167   010C CB 75            BIT  6,L
0168   010E             
0169   010E CB 7E            BIT  7,(HL)
0170   0110 DD CB 07 7E      BIT  7,(IX+offset)
0171   0114 FD CB 07 7E      BIT  7,(IY+offset)
0172   0118 CB 7F            BIT  7,A
0173   011A CB 78            BIT  7,B
0174   011C CB 79            BIT  7,C
0175   011E CB 7A            BIT  7,D
0176   0120 CB 7B            BIT  7,E
0177   0122 CB 7C            BIT  7,H
0178   0124 CB 7D            BIT  7,L
0179   0126             
0180   0126 DC 34 12         CALL C,addr16
0181   0129 FC 34 12         CALL M,addr16
0182   012C D4 34 12         CALL NC,addr16
0183   012F C4 34 12         CALL NZ,addr16
0184   0132 F4 34 12         CALL P,addr16
0185   0135 EC 34 12         CALL PE,addr16
0186   0138 E4 34 12         CALL PO,addr16
0187   013B CC 34 12         CALL Z,addr16
0188   013E CD 34 12         CALL addr16
0189   0141             
0190   0141 3F               CCF
0191   0142             
0192   0142 BE               CP   (HL)
0193   0143 DD BE 07         CP   (IX+offset)
0194   0146 FD BE 07         CP   (IY+offset)
0195   0149 BF               CP   A
0196   014A B8               CP   B
0197   014B B9               CP   C
0198   014C BA               CP   D
0199   014D BB               CP   E
0200   014E BC               CP   H
0201   014F BD               CP   L
0202   0150 FE 56            CP   imm8
0203   0152 ED A9            CPD  
0204   0154 ED B9            CPDR  
0205   0156 ED B1            CPIR   
0206   0158 ED A1            CPI   
0207   015A 2F               CPL   
0208   015B             
0209   015B 27               DAA   
0210   015C             
0211   015C 35               DEC  (HL)
0212   015D DD 35 07         DEC  (IX+offset)
0213   0160 FD 35 07         DEC  (IY+offset)
0214   0163 3D               DEC  A
0215   0164 05               DEC  B
0216   0165 0B               DEC  BC
0217   0166 0D               DEC  C
0218   0167 15               DEC  D
0219   0168 1B               DEC  DE
0220   0169 1D               DEC  E
0221   016A 25               DEC  H
0222   016B 2B               DEC  HL
0223   016C DD 2B            DEC  IX
0224   016E FD 2B            DEC  IY
0225   0170 2D               DEC  L
0226   0171 3B               DEC  SP
0227   0172 F3               DI
0228   0173             loop1:
0229   0173 10 FE            DJNZ loop1
0230   0175             
0231   0175 FB               EI
0232   0176 E3               EX   (SP),HL
0233   0177 DD E3            EX   (SP),IX
0234   0179 FD E3            EX   (SP),IY
0235   017B 08               EX   AF,AF'
0236   017C EB               EX   DE,HL
0237   017D D9               EXX    
0238   017E 76               HALT     
0239   017F                  
0240   017F ED 46            IM   0
0241   0181 ED 56            IM   1
0242   0183 ED 5E            IM   2
0243   0185             
0244   0185 ED 78            IN   A,(C)
0245   0187 ED 40            IN   B,(C)
0246   0189 ED 48            IN   C,(C)
0247   018B ED 50            IN   D,(C)
0248   018D ED 58            IN   E,(C)
0249   018F ED 60            IN   H,(C)
0250   0191 ED 68            IN   L,(C)
0251   0193 DB 03            IN   A,(port)
0252   0195             
0253   0195                  IN0  B,(n)
testz80.asm line 0253: unrecognized instruction.          (IN0)
0254   0195                  IN0  C,(n)
testz80.asm line 0254: unrecognized instruction.          (IN0)
0255   0195                  IN0  D,(n)
testz80.asm line 0255: unrecognized instruction.          (IN0)
0256   0195                  IN0  E,(n)
testz80.asm line 0256: unrecognized instruction.          (IN0)
0257   0195                  IN0  H,(n)
testz80.asm line 0257: unrecognized instruction.          (IN0)
0258   0195                  IN0  L,(n)
testz80.asm line 0258: unrecognized instruction.          (IN0)
0259   0195             
0260   0195 34               INC  (HL)
0261   0196 DD 34 07         INC  (IX+offset)
0262   0199 FD 34 07         INC  (IY+offset)
0263   019C 3C               INC  A
0264   019D 04               INC  B
0265   019E 03               INC  BC
0266   019F 0C               INC  C
0267   01A0 14               INC  D
0268   01A1 13               INC  DE
0269   01A2 1C               INC  E
0270   01A3 24               INC  H
0271   01A4 23               INC  HL
0272   01A5 DD 23            INC  IX
0273   01A7 FD 23            INC  IY
0274   01A9 2C               INC  L
0275   01AA 33               INC  SP
0276   01AB             
0277   01AB ED AA            IND     
0278   01AD ED BA            INDR     
0279   01AF ED A2            INI
0280   01B1 ED B2            INIR    
0281   01B3                  
0282   01B3 C3 34 12         JP   addr16
0283   01B6 E9               JP   (HL)
0284   01B7 DD E9            JP   (IX)
0285   01B9 FD E9            JP   (IY)
0286   01BB DA 34 12         JP   C,addr16
0287   01BE FA 34 12         JP   M,addr16
0288   01C1 D2 34 12         JP   NC,addr16
0289   01C4 C2 34 12         JP   NZ,addr16
0290   01C7 F2 34 12         JP   P,addr16
0291   01CA EA 34 12         JP   PE,addr16
0292   01CD E2 34 12         JP   PO,addr16
0293   01D0 CA 34 12         JP   Z,addr16
0294   01D3             
0295   01D3             loop2:
0296   01D3 38 FE            JR   C,loop2
0297   01D5 30 FC            JR   NC,loop2
0298   01D7 20 FA            JR   NZ,loop2
0299   01D9 28 F8            JR   Z,loop2
0300   01DB 18 F6            JR   loop2
0301   01DD             
0302   01DD 02               LD   (BC),A
0303   01DE 12               LD   (DE),A
0304   01DF 77               LD   (HL),A
0305   01E0 70               LD   (HL),B
0306   01E1 71               LD   (HL),C
0307   01E2 72               LD   (HL),D
0308   01E3 73               LD   (HL),E
0309   01E4 74               LD   (HL),H
0310   01E5 75               LD   (HL),L
0311   01E6 36 20            LD   (HL),n
0312   01E8 DD 77 07         LD   (IX+offset),A
0313   01EB DD 70 07         LD   (IX+offset),B
0314   01EE DD 71 07         LD   (IX+offset),C
0315   01F1 DD 72 07         LD   (IX+offset),D
0316   01F4 DD 73 07         LD   (IX+offset),E
0317   01F7 DD 74 07         LD   (IX+offset),H
0318   01FA DD 75 07         LD   (IX+offset),L
0319   01FD DD 36 07 20      LD   (IX+offset),n
0320   0201 FD 77 07         LD   (IY+offset),A
0321   0204 FD 70 07         LD   (IY+offset),B
0322   0207 FD 71 07         LD   (IY+offset),C
0323   020A FD 72 07         LD   (IY+offset),D
0324   020D FD 73 07         LD   (IY+offset),E
0325   0210 FD 74 07         LD   (IY+offset),H
0326   0213 FD 75 07         LD   (IY+offset),L
0327   0216 FD 36 07 20      LD   (IY+offset),n
0328   021A 32 84 05         LD   (nn),A
0329   021D ED 43 84 05      LD   (nn),BC
0330   0221 ED 53 84 05      LD   (nn),DE
0331   0225 22 84 05         LD   (nn),HL
0332   0228 DD 22 84 05      LD   (nn),IX
0333   022C FD 22 84 05      LD   (nn),IY
0334   0230 ED 73 84 05      LD   (nn),SP
0335   0234 0A               LD   A,(BC)
0336   0235 1A               LD   A,(DE)
0337   0236 7E               LD   A,(HL)
0338   0237 DD 7E 07         LD   A,(IX+offset)
0339   023A FD 7E 07         LD   A,(IY+offset)
0340   023D 3A 84 05         LD   A,(nn)
0341   0240 7F               LD   A,A
0342   0241 78               LD   A,B
0343   0242 79               LD   A,C
0344   0243 7A               LD   A,D
0345   0244 7B               LD   A,E
0346   0245 7C               LD   A,H
0347   0246 ED 57            LD   A,I
0348   0248 7D               LD   A,L
0349   0249 3E 20            LD   A,n
0350   024B ED 5F            LD   A,R
0351   024D 46               LD   B,(HL)
0352   024E DD 46 07         LD   B,(IX+offset)
0353   0251 FD 46 07         LD   B,(IY+offset)
0354   0254 47               LD   B,A
0355   0255 40               LD   B,B
0356   0256 41               LD   B,C
0357   0257 42               LD   B,D
0358   0258 43               LD   B,E
0359   0259 44               LD   B,H
0360   025A 45               LD   B,L
0361   025B 06 20            LD   B,n
0362   025D ED 4B 84 05      LD   BC,(nn)
0363   0261 01 84 05         LD   BC,nn
0364   0264 4E               LD   C,(HL)
0365   0265 DD 4E 07         LD   C,(IX+offset)
0366   0268 FD 4E 07         LD   C,(IY+offset)
0367   026B 4F               LD   C,A
0368   026C 48               LD   C,B
0369   026D 49               LD   C,C
0370   026E 4A               LD   C,D
0371   026F 4B               LD   C,E
0372   0270 4C               LD   C,H
0373   0271 4D               LD   C,L
0374   0272 0E 20            LD   C,n
0375   0274 56               LD   D,(HL)
0376   0275 DD 56 07         LD   D,(IX+offset)
0377   0278 FD 56 07         LD   D,(IY+offset)
0378   027B 57               LD   D,A
0379   027C 50               LD   D,B
0380   027D 51               LD   D,C
0381   027E 52               LD   D,D
0382   027F 53               LD   D,E
0383   0280 54               LD   D,H
0384   0281 55               LD   D,L
0385   0282 16 20            LD   D,n
0386   0284 ED 5B 84 05      LD   DE,(nn)
0387   0288 11 84 05         LD   DE,nn
0388   028B 5E               LD   E,(HL)
0389   028C DD 5E 07         LD   E,(IX+offset)
0390   028F FD 5E 07         LD   E,(IY+offset)
0391   0292 5F               LD   E,A
0392   0293 58               LD   E,B
0393   0294 59               LD   E,C
0394   0295 5A               LD   E,D
0395   0296 5B               LD   E,E
0396   0297 5C               LD   E,H
0397   0298 5D               LD   E,L
0398   0299 1E 20            LD   E,n
0399   029B 66               LD   H,(HL)
0400   029C DD 66 07         LD   H,(IX+offset)
0401   029F FD 66 07         LD   H,(IY+offset)
0402   02A2 67               LD   H,A
0403   02A3 60               LD   H,B
0404   02A4 61               LD   H,C
0405   02A5 62               LD   H,D
0406   02A6 63               LD   H,E
0407   02A7 64               LD   H,H
0408   02A8 65               LD   H,L
0409   02A9 26 20            LD   H,n
0410   02AB 2A 84 05         LD   HL,(nn)
0411   02AE 21 84 05         LD   HL,nn
0412   02B1 ED 47            LD   I,A
0413   02B3 DD 2A 84 05      LD   IX,(nn)
0414   02B7 DD 21 84 05      LD   IX,nn
0415   02BB FD 2A 84 05      LD   IY,(nn)
0416   02BF FD 21 84 05      LD   IY,nn
0417   02C3 6E               LD   L,(HL)
0418   02C4 DD 6E 07         LD   L,(IX+offset)
0419   02C7 FD 6E 07         LD   L,(IY+offset)
0420   02CA 6F               LD   L,A
0421   02CB 68               LD   L,B
0422   02CC 69               LD   L,C
0423   02CD 6A               LD   L,D
0424   02CE 6B               LD   L,E
0425   02CF 6C               LD   L,H
0426   02D0 6D               LD   L,L
0427   02D1 2E 20            LD   L,n
0428   02D3 ED 4F            LD   R,A
0429   02D5 ED 7B 84 05      LD   SP,(nn)
0430   02D9 F9               LD   SP,HL
0431   02DA DD F9            LD   SP,IX
0432   02DC FD F9            LD   SP,IY
0433   02DE 31 84 05         LD   SP,nn
0434   02E1             
0435   02E1 ED A8            LDD
0436   02E3 ED B8            LDDR
0437   02E5 ED A0            LDI
0438   02E7 ED B0            LDIR
0439   02E9             
0440   02E9                  MLT  BC
testz80.asm line 0440: unrecognized instruction.          (MLT)
0441   02E9                  MLT  DE
testz80.asm line 0441: unrecognized instruction.          (MLT)
0442   02E9                  MLT  HL
testz80.asm line 0442: unrecognized instruction.          (MLT)
0443   02E9                  MLT  SP
testz80.asm line 0443: unrecognized instruction.          (MLT)
0444   02E9             
0445   02E9 ED 44            NEG
0446   02EB 00               NOP
0447   02EC             
0448   02EC B6               OR   (HL)
0449   02ED DD B6 07         OR   (IX+offset)
0450   02F0 FD B6 07         OR   (IY+offset)
0451   02F3 B7               OR   A
0452   02F4 B0               OR   B
0453   02F5 B1               OR   C
0454   02F6 B2               OR   D
0455   02F7 B3               OR   E
0456   02F8 B4               OR   H
0457   02F9 B5               OR   L
0458   02FA F6 56            OR   imm8
0459   02FC             
0460   02FC ED BB            OTDR
0461   02FE ED B3            OTIR
0462   0300             
0463   0300 ED 79            OUT  (C),A
0464   0302 ED 41            OUT  (C),B
0465   0304 ED 49            OUT  (C),C
0466   0306 ED 51            OUT  (C),D
0467   0308 ED 59            OUT  (C),E
0468   030A ED 61            OUT  (C),H
0469   030C ED 69            OUT  (C),L
0470   030E D3 03            OUT  (port),A
0471   0310             
0472   0310                  OUT0 (imm8),A
testz80.asm line 0472: unrecognized instruction.          (OUT0)
0473   0310                  OUT0 (imm8),B
testz80.asm line 0473: unrecognized instruction.          (OUT0)
0474   0310                  OUT0 (imm8),C
testz80.asm line 0474: unrecognized instruction.          (OUT0)
0475   0310                  OUT0 (imm8),D
testz80.asm line 0475: unrecognized instruction.          (OUT0)
0476   0310                  OUT0 (imm8),E
testz80.asm line 0476: unrecognized instruction.          (OUT0)
0477   0310                  OUT0 (imm8),H
testz80.asm line 0477: unrecognized instruction.          (OUT0)
0478   0310                  OUT0 (imm8),L
testz80.asm line 0478: unrecognized instruction.          (OUT0)
0479   0310             
0480   0310 ED AB            OUTD
0481   0312 ED A3            OUTI
0482   0314                  OTIM
testz80.asm line 0482: unrecognized instruction.          (OTIM)
0483   0314                  OTDM
testz80.asm line 0483: unrecognized instruction.          (OTDM)
0484   0314                  OTIMR
testz80.asm line 0484: unrecognized instruction.          (OTIMR)
0485   0314                  OTDMR
testz80.asm line 0485: unrecognized instruction.          (OTDMR)
0486   0314             
0487   0314 F1               POP  AF
0488   0315 C1               POP  BC
0489   0316 D1               POP  DE
0490   0317 E1               POP  HL
0491   0318 DD E1            POP  IX
0492   031A FD E1            POP  IY
0493   031C             
0494   031C F5               PUSH AF
0495   031D C5               PUSH BC
0496   031E D5               PUSH DE
0497   031F E5               PUSH HL
0498   0320 DD E5            PUSH IX
0499   0322 FD E5            PUSH IY
0500   0324             
0501   0324 CB 86            RES  0,(HL)
0502   0326 DD CB 07 86      RES  0,(IX+offset)
0503   032A FD CB 07 86      RES  0,(IY+offset)
0504   032E CB 87            RES  0,A
0505   0330 CB 80            RES  0,B
0506   0332 CB 81            RES  0,C
0507   0334 CB 82            RES  0,D
0508   0336 CB 83            RES  0,E
0509   0338 CB 84            RES  0,H
0510   033A CB 85            RES  0,L
0511   033C             
0512   033C CB 8E            RES  1,(HL)
0513   033E DD CB 07 8E      RES  1,(IX+offset)
0514   0342 FD CB 07 8E      RES  1,(IY+offset)
0515   0346 CB 8F            RES  1,A
0516   0348 CB 88            RES  1,B
0517   034A CB 89            RES  1,C
0518   034C CB 8A            RES  1,D
0519   034E CB 8B            RES  1,E
0520   0350 CB 8C            RES  1,H
0521   0352 CB 8D            RES  1,L
0522   0354             
0523   0354 CB 96            RES  2,(HL)
0524   0356 DD CB 07 96      RES  2,(IX+offset)
0525   035A FD CB 07 96      RES  2,(IY+offset)
0526   035E CB 97            RES  2,A
0527   0360 CB 90            RES  2,B
0528   0362 CB 91            RES  2,C
0529   0364 CB 92            RES  2,D
0530   0366 CB 93            RES  2,E
0531   0368 CB 94            RES  2,H
0532   036A CB 95            RES  2,L
0533   036C             
0534   036C CB 9E            RES  3,(HL)
0535   036E DD CB 07 9E      RES  3,(IX+offset)
0536   0372 FD CB 07 9E      RES  3,(IY+offset)
0537   0376 CB 9F            RES  3,A
0538   0378 CB 98            RES  3,B
0539   037A CB 99            RES  3,C
0540   037C CB 9A            RES  3,D
0541   037E CB 9B            RES  3,E
0542   0380 CB 9C            RES  3,H
0543   0382 CB 9D            RES  3,L
0544   0384             
0545   0384 CB A6            RES  4,(HL)
0546   0386 DD CB 07 A6      RES  4,(IX+offset)
0547   038A FD CB 07 A6      RES  4,(IY+offset)
0548   038E CB A7            RES  4,A
0549   0390 CB A0            RES  4,B
0550   0392 CB A1            RES  4,C
0551   0394 CB A2            RES  4,D
0552   0396 CB A3            RES  4,E
0553   0398 CB A4            RES  4,H
0554   039A CB A5            RES  4,L
0555   039C             
0556   039C CB AE            RES  5,(HL)
0557   039E DD CB 07 AE      RES  5,(IX+offset)
0558   03A2 FD CB 07 AE      RES  5,(IY+offset)
0559   03A6 CB AF            RES  5,A
0560   03A8 CB A8            RES  5,B
0561   03AA CB A9            RES  5,C
0562   03AC CB AA            RES  5,D
0563   03AE CB AB            RES  5,E
0564   03B0 CB AC            RES  5,H
0565   03B2 CB AD            RES  5,L
0566   03B4             
0567   03B4 CB B6            RES  6,(HL)
0568   03B6 DD CB 07 B6      RES  6,(IX+offset)
0569   03BA FD CB 07 B6      RES  6,(IY+offset)
0570   03BE CB B7            RES  6,A
0571   03C0 CB B0            RES  6,B
0572   03C2 CB B1            RES  6,C
0573   03C4 CB B2            RES  6,D
0574   03C6 CB B3            RES  6,E
0575   03C8 CB B4            RES  6,H
0576   03CA CB B5            RES  6,L
0577   03CC             
0578   03CC CB BE            RES  7,(HL)
0579   03CE DD CB 07 BE      RES  7,(IX+offset)
0580   03D2 FD CB 07 BE      RES  7,(IY+offset)
0581   03D6 CB BF            RES  7,A
0582   03D8 CB B8            RES  7,B
0583   03DA CB B9            RES  7,C
0584   03DC CB BA            RES  7,D
0585   03DE CB BB            RES  7,E
0586   03E0 CB BC            RES  7,H
0587   03E2 CB BD            RES  7,L
0588   03E4             
0589   03E4 C9               RET
0590   03E5 D8               RET  C
0591   03E6 F8               RET  M
0592   03E7 D0               RET  NC
0593   03E8 C0               RET  NZ
0594   03E9 F0               RET  P
0595   03EA E8               RET  PE
0596   03EB E0               RET  PO
0597   03EC C8               RET  Z
0598   03ED ED 4D            RETI
0599   03EF ED 45            RETN
0600   03F1             
0601   03F1 CB 16            RL   (HL)
0602   03F3 DD CB 07 16      RL   (IX+offset)
0603   03F7 FD CB 07 16      RL   (IY+offset)
0604   03FB CB 17            RL   A
0605   03FD CB 10            RL   B
0606   03FF CB 11            RL   C
0607   0401 CB 12            RL   D
0608   0403 CB 13            RL   E
0609   0405 CB 14            RL   H
0610   0407 CB 15            RL   L
0611   0409 17               RLA
0612   040A             
0613   040A CB 06            RLC  (HL)
0614   040C DD CB 07 06      RLC  (IX+offset)
0615   0410 FD CB 07 06      RLC  (IY+offset)
0616   0414 CB 07            RLC  A
0617   0416 CB 00            RLC  B
0618   0418 CB 01            RLC  C
0619   041A CB 02            RLC  D
0620   041C CB 03            RLC  E
0621   041E CB 04            RLC  H
0622   0420 CB 05            RLC  L
0623   0422 07               RLCA
0624   0423 ED 6F            RLD
0625   0425             
0626   0425 CB 1E            RR   (HL)
0627   0427 DD CB 07 1E      RR   (IX+offset)
0628   042B FD CB 07 1E      RR   (IY+offset)
0629   042F CB 1F            RR   A
0630   0431 CB 18            RR   B
0631   0433 CB 19            RR   C
0632   0435 CB 1A            RR   D
0633   0437 CB 1B            RR   E
0634   0439 CB 1C            RR   H
0635   043B CB 1D            RR   L
0636   043D 1F               RRA
0637   043E             
0638   043E CB 0E            RRC  (HL)
0639   0440 DD CB 07 0E      RRC  (IX+offset)
0640   0444 FD CB 07 0E      RRC  (IY+offset)
0641   0448 CB 0F            RRC  A
0642   044A CB 08            RRC  B
0643   044C CB 09            RRC  C
0644   044E CB 0A            RRC  D
0645   0450 CB 0B            RRC  E
0646   0452 CB 0C            RRC  H
0647   0454 CB 0D            RRC  L
0648   0456 0F               RRCA
0649   0457 ED 67            RRD
0650   0459             
0651   0459 C7               RST  00H
0652   045A CF               RST  08H
0653   045B D7               RST  10H
0654   045C DF               RST  18H
0655   045D E7               RST  20H
0656   045E EF               RST  28H
0657   045F F7               RST  30H
0658   0460 FF               RST  38H
0659   0461             
0660   0461 DE 20            SBC  A,n
0661   0463 9E               SBC  A,(HL)
0662   0464 DD 9E 07         SBC  A,(IX+offset)
0663   0467 FD 9E 07         SBC  A,(IY+offset)
0664   046A 9F               SBC  A,A
0665   046B 98               SBC  A,B
0666   046C 99               SBC  A,C
0667   046D 9A               SBC  A,D
0668   046E 9B               SBC  A,E
0669   046F 9C               SBC  A,H
0670   0470 9D               SBC  A,L
0671   0471 ED 42            SBC  HL,BC
0672   0473 ED 52            SBC  HL,DE
0673   0475 ED 62            SBC  HL,HL
0674   0477 ED 72            SBC  HL,SP
0675   0479 37               SCF
0676   047A             
0677   047A CB C6            SET  0,(HL)
0678   047C DD CB 07 C6      SET  0,(IX+offset)
0679   0480 FD CB 07 C6      SET  0,(IY+offset)
0680   0484 CB C7            SET  0,A
0681   0486 CB C0            SET  0,B
0682   0488 CB C1            SET  0,C
0683   048A CB C2            SET  0,D
0684   048C CB C3            SET  0,E
0685   048E CB C4            SET  0,H
0686   0490 CB C5            SET  0,L
0687   0492             
0688   0492 CB CE            SET  1,(HL)
0689   0494 DD CB 07 CE      SET  1,(IX+offset)
0690   0498 FD CB 07 CE      SET  1,(IY+offset)
0691   049C CB CF            SET  1,A
0692   049E CB C8            SET  1,B
0693   04A0 CB C9            SET  1,C
0694   04A2 CB CA            SET  1,D
0695   04A4 CB CB            SET  1,E
0696   04A6 CB CC            SET  1,H
0697   04A8 CB CD            SET  1,L
0698   04AA             
0699   04AA CB D6            SET  2,(HL)
0700   04AC DD CB 07 D6      SET  2,(IX+offset)
0701   04B0 FD CB 07 D6      SET  2,(IY+offset)
0702   04B4 CB D7            SET  2,A
0703   04B6 CB D0            SET  2,B
0704   04B8 CB D1            SET  2,C
0705   04BA CB D2            SET  2,D
0706   04BC CB D3            SET  2,E
0707   04BE CB D4            SET  2,H
0708   04C0 CB D5            SET  2,L
0709   04C2             
0710   04C2 CB DE            SET  3,(HL)
0711   04C4 DD CB 07 DE      SET  3,(IX+offset)
0712   04C8 FD CB 07 DE      SET  3,(IY+offset)
0713   04CC CB DF            SET  3,A
0714   04CE CB D8            SET  3,B
0715   04D0 CB D9            SET  3,C
0716   04D2 CB DA            SET  3,D
0717   04D4 CB DB            SET  3,E
0718   04D6 CB DC            SET  3,H
0719   04D8 CB DD            SET  3,L
0720   04DA             
0721   04DA CB E6            SET  4,(HL)
0722   04DC DD CB 07 E6      SET  4,(IX+offset)
0723   04E0 FD CB 07 E6      SET  4,(IY+offset)
0724   04E4 CB E7            SET  4,A
0725   04E6 CB E0            SET  4,B
0726   04E8 CB E1            SET  4,C
0727   04EA CB E2            SET  4,D
0728   04EC CB E3            SET  4,E
0729   04EE CB E4            SET  4,H
0730   04F0 CB E5            SET  4,L
0731   04F2             
0732   04F2 CB EE            SET  5,(HL)
0733   04F4 DD CB 07 EE      SET  5,(IX+offset)
0734   04F8 FD CB 07 EE      SET  5,(IY+offset)
0735   04FC CB EF            SET  5,A
0736   04FE CB E8            SET  5,B
0737   0500 CB E9            SET  5,C
0738   0502 CB EA            SET  5,D
0739   0504 CB EB            SET  5,E
0740   0506 CB EC            SET  5,H
0741   0508 CB ED            SET  5,L
0742   050A             
0743   050A CB F6            SET  6,(HL)
0744   050C DD CB 07 F6      SET  6,(IX+offset)
0745   0510 FD CB 07 F6      SET  6,(IY+offset)
0746   0514 CB F7            SET  6,A
0747   0516 CB F0            SET  6,B
0748   0518 CB F1            SET  6,C
0749   051A CB F2            SET  6,D
0750   051C CB F3            SET  6,E
0751   051E CB F4            SET  6,H
0752   0520 CB F5            SET  6,L
0753   0522             
0754   0522 CB FE            SET  7,(HL)
0755   0524 DD CB 07 FE      SET  7,(IX+offset)
0756   0528 FD CB 07 FE      SET  7,(IY+offset)
0757   052C CB FF            SET  7,A
0758   052E CB F8            SET  7,B
0759   0530 CB F9            SET  7,C
0760   0532 CB FA            SET  7,D
0761   0534 CB FB            SET  7,E
0762   0536 CB FC            SET  7,H
0763   0538 CB FD            SET  7,L
0764   053A             
0765   053A CB 26            SLA  (HL)
0766   053C DD CB 07 26      SLA  (IX+offset)
0767   0540 FD CB 07 26      SLA  (IY+offset)
0768   0544 CB 27            SLA  A
0769   0546 CB 20            SLA  B
0770   0548 CB 21            SLA  C
0771   054A CB 22            SLA  D
0772   054C CB 23            SLA  E
0773   054E CB 24            SLA  H
0774   0550 CB 25            SLA  L
0775   0552             
0776   0552                  SLP
testz80.asm line 0776: unrecognized instruction.          (SLP)
0777   0552             
0778   0552 CB 2E            SRA  (HL)
0779   0554 DD CB 07 2E      SRA  (IX+offset)
0780   0558 FD CB 07 2E      SRA  (IY+offset)
0781   055C CB 2F            SRA  A
0782   055E CB 28            SRA  B
0783   0560 CB 29            SRA  C
0784   0562 CB 2A            SRA  D
0785   0564 CB 2B            SRA  E
0786   0566 CB 2C            SRA  H
0787   0568 CB 2D            SRA  L
0788   056A             
0789   056A CB 3E            SRL  (HL)
0790   056C DD CB 07 3E      SRL  (IX+offset)
0791   0570 FD CB 07 3E      SRL  (IY+offset)
0792   0574 CB 3F            SRL  A
0793   0576 CB 38            SRL  B
0794   0578 CB 39            SRL  C
0795   057A CB 3A            SRL  D
0796   057C CB 3B            SRL  E
0797   057E CB 3C            SRL  H
0798   0580 CB 3D            SRL  L
0799   0582                  
0800   0582 96               SUB  (HL)
0801   0583 DD 96 07         SUB  (IX+offset)
0802   0586 FD 96 07         SUB  (IY+offset)
0803   0589 97               SUB  A
0804   058A 90               SUB  B
0805   058B 91               SUB  C
0806   058C 92               SUB  D
0807   058D 93               SUB  E
0808   058E 94               SUB  H
0809   058F 95               SUB  L
0810   0590 D6 20            SUB  n
0811   0592             
0812   0592                  TST  A
testz80.asm line 0812: unrecognized instruction.          (TST)
0813   0592                  TST  B
testz80.asm line 0813: unrecognized instruction.          (TST)
0814   0592                  TST  C
testz80.asm line 0814: unrecognized instruction.          (TST)
0815   0592                  TST  D
testz80.asm line 0815: unrecognized instruction.          (TST)
0816   0592                  TST  E
testz80.asm line 0816: unrecognized instruction.          (TST)
0817   0592                  TST  (HL)
testz80.asm line 0817: unrecognized instruction.          (TST)
0818   0592                  TST  n
testz80.asm line 0818: unrecognized instruction.          (TST)
0819   0592             
0820   0592 AE               XOR  (HL)
0821   0593 DD AE 07         XOR  (IX+offset)
0822   0596 FD AE 07         XOR  (IY+offset)
0823   0599 AF               XOR  A
0824   059A A8               XOR  B
0825   059B A9               XOR  C
0826   059C AA               XOR  D
0827   059D AB               XOR  E
0828   059E AC               XOR  H
0829   059F AD               XOR  L
0830   05A0 EE 20            XOR  n
0831   05A2                  end
tasm: Number of errors = 29
