                              1 ;--------------------------------------------------------------------------
                              2 ;  cpm0.s - Generic cpm0.s for a Z80 CP/M-80 v2.2 Application
                              3 ;  Copyright (C) 2011, Douglas Goodall All Rights Reserved.
                              4 ;--------------------------------------------------------------------------
                              5 
                              6        	.globl	_main
                              7 	.area	_CODE
                              8 
   0000                       9 	.ds	0x0100
   0100                      10 init:
                             11 	;; Define an adequate stack   
   0100 31r00s01             12 	ld	sp,#stktop
                             13 
                             14         ;; Initialise global variables
   0103 CDr00s00             15         call    gsinit
                             16 
                             17 	;; Call the C main routine
   0106 CDr00s00             18 	call	_main
                             19 
   0109 0E 00                20 	ld	c,#0
   010B CD 05 00             21 	call	5
                             22 
                             23 	;; Ordering of segments for the linker.
                             24 	.area	_TPA
                             25 
                             26 	.area	_HOME
                             27 	.area	_CODE
                             28         .area   _GSINIT
                             29         .area   _GSFINAL
                             30 	.area	_DATA
                             31 
                             32 	.area	_STACK
   0000                      33 	.ds	256
   0100                      34 stktop:
                             35 
                             36         .area   _GSINIT
   0000                      37 gsinit::
                             38 
                             39         .area   _GSFINAL
   0000 C9                   40         ret
   0001 E5                   41 	.db	0xe5
                             42 
                             43 ;;;;;;;;;;;;;;;;
                             44 ; eof - cpm0.s ;
                             45 ;;;;;;;;;;;;;;;;
                             46 
